// Jest Snapshot v1, https://goo.gl/fbAQLP

exports[`CodeBox components basic 1`] = `
<Controlled
  onBeforeChange={[Function]}
  onChange={[Function]}
  options={
    Object {
      "autoCloseBrackets": true,
      "autofocus": true,
      "foldGutter": true,
      "lineNumbers": true,
      "lineWrapping": true,
      "matchBrackets": true,
      "mode": "javascript",
      "smartIndent": true,
      "styleActiveLine": true,
      "theme": "dracula dark",
    }
  }
  value="hello world"
/>
`;
